[LOG] Application started
[LOG] Controller initialized
[LOG] Application started
[LOG] Application started
[LOG] Controller initialized
[LOG] Application started
[LOG] Application started
[LOG] Controller initialized
[LOG] Application started
[LOG] Application started
[LOG] Controller initialized
[LOG] Application started
[LOG] Application started
[LOG] Controller initialized
[LOG] Application started
[LOG] Draw at 2,7
[LOG] Application started
[LOG] Controller initialized
[LOG] Application started
[LOG] Draw at 4,12
[LOG] Application started
[LOG] Controller initialized
[LOG] Application started
[LOG] Application started
[LOG] Controller initialized
[LOG] Application started
[LOG] Draw at 23,23
[LOG] Draw at 1,1
[LOG] Draw at 1,2
[LOG] Draw at 2,1
[LOG] Draw at 10,1
[LOG] Draw at 1,3
[LOG] Draw at 1,5
[LOG] Draw at 1,20
[LOG] Draw at 1,15
[LOG] Application started
[LOG] Controller initialized
[LOG] Application started
[LOG] Draw at 1,1
[LOG] Draw at 1,2
[LOG] Draw at 2,1
[LOG] Draw at 2,2
[LOG] Draw at 2,3
[LOG] Draw at 3,2
[LOG] Draw at 4,2
[LOG] Tool changed
[LOG] Draw at 1,1
[LOG] Application started
[LOG] Controller initialized
[LOG] Application started
[LOG] Draw at 1,2
[LOG] Application started
[LOG] Controller initialized
[LOG] Application started
[LOG] Tool changed
[LOG] Draw at 2,2
[LOG] Application started
[LOG] Controller initialized
[LOG] Application started
[LOG] Tool changed
[LOG] Application started
[LOG] Controller initialized
[LOG] Application started
[LOG] Draw at 1,2
[LOG] Draw at 3,4
[LOG] Draw at 5,6
[LOG] Application started
[LOG] Controller initialized
[LOG] Application started
[LOG] Draw at 1,2
[LOG] Draw at 2,3
[LOG] Draw at 5,6
[LOG] Canvas cleared
[LOG] Application started
[LOG] Controller initialized
[LOG] Application started
[LOG] Application started
[LOG] Controller initialized
[LOG] Application started
[LOG] Draw at 5,12
[LOG] Draw at 2,3
[LOG] Canvas cleared
[LOG] Draw at 1,2
[LOG] Tool changed
[LOG] Draw at 2,1
[LOG] Application started
[LOG] Controller initialized
[LOG] Application started
[LOG] Tool changed
[LOG] Draw at 1,1
[LOG] Application stopped
[LOG] Application finished
[LOG] Application started
[LOG] Controller initialized
[LOG] Application started
[LOG] Draw at 2,2
[LOG] Draw at 2,3
[LOG] Tool changed
[LOG] Draw at 2,3
[LOG] Canvas cleared
[LOG] Application stopped
[LOG] Application finished
[LOG] Application started
[LOG] Controller initialized
[LOG] Application started
[LOG] Draw at 2,2
[LOG] Draw at 2,3
[LOG] Tool changed
[LOG] Draw at 2,3
[LOG] Canvas cleared
[LOG] Application stopped
[LOG] Controller destroyed
[LOG] Application finished
[LOG] Application started
[LOG] Controller initialized
[LOG] Application started
[LOG] Application started
[LOG] Controller initialized
[LOG] Application started
[LOG] Draw at 2,2
[LOG] Draw at 2,3
[LOG] Draw at 3,5
[LOG] Draw at 5,7
[LOG] Draw at 1,2
[LOG] Draw at 0,0
[LOG] Draw at 0,2
[LOG] Draw at 0,1
[LOG] Tool changed
[LOG] Application stopped
[LOG] Controller destroyed
[LOG] Application finished
[LOG] Application started
[LOG] Controller initialized
[LOG] Application started
[LOG] Draw at 1,2
[LOG] Application started
[LOG] Controller initialized
[LOG] Application started
[LOG] Application stopped
[LOG] Controller destroyed
[LOG] Application finished
[LOG] Application started
[LOG] Controller initialized
[LOG] Application started
[LOG] Draw at 2,2
[LOG] Tool changed
[LOG] Tool changed
[LOG] Draw at 2,2
[LOG] Tool changed
[LOG] Draw at 2,4
[LOG] Canvas cleared
[LOG] Application stopped
[LOG] Controller destroyed
[LOG] Application finished
[LOG] Application started
[LOG] Controller initialized
[LOG] Application started
[LOG] Application stopped
[LOG] Controller destroyed
[LOG] Application finished
[LOG] Application started
[LOG] Controller initialized
[LOG] Application started
[LOG] Application stopped
[LOG] Controller destroyed
[LOG] Application finished
[LOG] Application started
[LOG] Controller initialized
[LOG] Application started
[LOG] Draw at 0,444682971
[LOG] Application stopped
[LOG] Controller destroyed
[LOG] Application finished
